// 重构日志: 7b9daf52
// 重构日志: 2ee3bc09
// 重构日志: 18995474
// 重构日志: 00db67e6
// 重构日志: d4c1e3d6
// 同步 ID: 580f8ffd @ Fri Jul 31 08:30:09 UTC 2026
// 同步 ID: e3164e45 @ Fri Jul 31 21:56:00 UTC 2026
// 重构日志: e20a93d6
// 重构日志: 4bb85063
// 重构日志: a77ead68
// 重构日志: f29a72a5
// 重构日志: a5fd4d38
// 重构日志: 8fb8415d
// 重构日志: dd90d0a8
// 同步 ID: 7c1aa4d1 @ Sun Aug  2 23:53:41 UTC 2026
// 重构日志: ade90f79
// 同步 ID: 2dacb578 @ Mon Aug  3 05:14:30 UTC 2026
// 重构日志: 4201849d
// 重构日志: 77800de9
// 重构日志: 3191a996
// 重构日志: 74ad6893
// 重构日志: 8a25f799
// 重构日志: bcc57592
// 重构日志: 562516f7
// 重构日志: 07774516
// 重构日志: 9b6b0b81
// 同步 ID: 4f451332 @ Sat Aug  8 04:00:27 UTC 2026
// 同步 ID: bc0cffef @ Sat Aug  8 06:54:40 UTC 2026
// 同步 ID: 6ce593d6 @ Sat Aug  8 12:23:06 UTC 2026
// 同步 ID: 845f7b6b @ Sat Aug  8 13:40:58 UTC 2026
